// Jest Snapshot v1, https://goo.gl/fbAQLP

exports[`renders correctly 1`] = `
<RCTSafeAreaView
  style={
    Object {
      "flex": 1,
    }
  }
>
  <View
    style={
      Array [
        Object {
          "flex": 1,
        },
        undefined,
      ]
    }
  >
    <View
      style={
        Object {
          "flex": 1,
        }
      }
    >
      <Text>
        Frequency
      </Text>
    </View>
    <View
      style={
        Object {
          "borderTopColor": "#e0ddde",
          "borderTopWidth": 1,
        }
      }
    />
    <View
      style={
        Object {
          "flex": 1,
        }
      }
    >
      <Text>
        Tempo
      </Text>
    </View>
    <View
      style={
        Object {
          "borderTopColor": "#e0ddde",
          "borderTopWidth": 1,
        }
      }
    />
    <View
      style={
        Object {
          "flex": 1,
        }
      }
    >
      <Text>
        BPM
      </Text>
    </View>
    <View
      style={
        Object {
          "borderTopColor": "#e0ddde",
          "borderTopWidth": 1,
        }
      }
    />
    <View
      style={
        Object {
          "flex": 1,
        }
      }
    >
      <Text>
        Play
      </Text>
    </View>
  </View>
</RCTSafeAreaView>
`;
